// Jest Snapshot v1, https://goo.gl/fbAQLP

exports[`Testing Company Register snapshot test should match snapshot 1`] = `
<RNCSafeAreaProvider
  onInsetsChange={[Function]}
  style={
    {
      "flex": 1,
    }
  }
>
  <RNSScreenStack
    style={
      {
        "flex": 1,
      }
    }
  >
    <RNSScreen
      collapsable={false}
      forwardedRef={[Function]}
      gestureResponseDistance={
        {
          "bottom": -1,
          "end": -1,
          "start": -1,
          "top": -1,
        }
      }
      nativeBackButtonDismissalEnabled={false}
      onAppear={[Function]}
      onDisappear={[Function]}
      onDismissed={[Function]}
      onGestureCancel={[Function]}
      onHeaderBackButtonClicked={[Function]}
      onNativeDismissCancelled={[Function]}
      onTransitionProgress={[Function]}
      onWillDisappear={[Function]}
      replaceAnimation="push"
      sheetAllowedDetents="large"
      sheetCornerRadius={-1}
      sheetExpandsWhenScrolledToEdge={true}
      sheetGrabberVisible={false}
      sheetLargestUndimmedDetent="all"
      stackPresentation="push"
      style={
        {
          "bottom": 0,
          "left": 0,
          "position": "absolute",
          "right": 0,
          "top": 0,
        }
      }
      swipeDirection="horizontal"
    >
      <View
        accessibilityElementsHidden={false}
        importantForAccessibility="auto"
        style={
          {
            "flex": 1,
            "flexDirection": "column-reverse",
          }
        }
      >
        <View
          collapsable={false}
          style={
            [
              {
                "flex": 1,
              },
              {
                "backgroundColor": "rgb(242, 242, 242)",
              },
              undefined,
            ]
          }
        >
          <View
            style={
              [
                undefined,
                undefined,
                {
                  "flex": 1,
                },
                undefined,
                {},
                {},
                {},
                {
                  "backgroundColor": "#f0f6fb",
                  "justifyContent": "space-between",
                  "position": "relative",
                },
              ]
            }
            testID="CompanyRegisterScreen"
          >
            <RCTScrollView
              contentContainerStyle={
                {
                  "alignItems": undefined,
                  "flex": undefined,
                  "flexGrow": 1,
                  "gap": 10,
                  "justifyContent": undefined,
                  "marginBottom": undefined,
                  "padding": 10,
                  "paddingVertical": undefined,
                }
              }
            >
              <View>
                <View
                  style={
                    [
                      undefined,
                      undefined,
                      undefined,
                      undefined,
                      undefined,
                      undefined,
                      undefined,
                      {
                        "padding": 10,
                      },
                    ]
                  }
                >
                  <Text
                    style={
                      [
                        {
                          "backgroundColor": "transparent",
                          "color": "#20303C",
                          "writingDirection": "ltr",
                        },
                        undefined,
                        undefined,
                        undefined,
                        undefined,
                        undefined,
                        undefined,
                        undefined,
                        undefined,
                        {
                          "fontFamily": "Kanit-Regular",
                          "fontSize": 18,
                        },
                      ]
                    }
                  >
                    textComplete
                  </Text>
                </View>
                <View
                  style={
                    [
                      undefined,
                      undefined,
                      undefined,
                      undefined,
                      undefined,
                      undefined,
                      undefined,
                      undefined,
                    ]
                  }
                >
                  <View
                    style={
                      [
                        undefined,
                        undefined,
                        undefined,
                        undefined,
                        undefined,
                        undefined,
                        undefined,
                        undefined,
                      ]
                    }
                  >
                    <View
                      accessibilityRole="button"
                      accessibilityState={
                        {
                          "busy": undefined,
                          "checked": undefined,
                          "disabled": undefined,
                          "expanded": undefined,
                          "selected": undefined,
                        }
                      }
                      accessibilityValue={
                        {
                          "max": undefined,
                          "min": undefined,
                          "now": undefined,
                          "text": undefined,
                        }
                      }
                      accessible={true}
                      collapsable={false}
                      focusable={true}
                      onClick={[Function]}
                      onResponderGrant={[Function]}
                      onResponderMove={[Function]}
                      onResponderRelease={[Function]}
                      onResponderTerminate={[Function]}
                      onResponderTerminationRequest={[Function]}
                      onStartShouldSetResponder={[Function]}
                      style={
                        {
                          "alignSelf": "center",
                          "borderRadius": 50,
                          "height": 150,
                          "marginTop": 20,
                          "opacity": 1,
                          "width": 150,
                        }
                      }
                      testID="imageField"
                    >
                      <View
                        style={
                          [
                            undefined,
                            undefined,
                            undefined,
                            undefined,
                            undefined,
                            undefined,
                            undefined,
                            {
                              "alignSelf": "center",
                              "marginTop": -20,
                            },
                          ]
                        }
                      >
                        <View
                          style={
                            [
                              undefined,
                              undefined,
                              undefined,
                              undefined,
                              undefined,
                              undefined,
                              undefined,
                              undefined,
                            ]
                          }
                        >
                          <Image
                            accessibilityRole="image"
                            accessible={false}
                            assetGroup="icons"
                            onError={[Function]}
                            source={
                              {
                                "testUri": "../../../assets/images/Empty.jpg",
                              }
                            }
                            style={
                              [
                                undefined,
                                undefined,
                                undefined,
                                undefined,
                                undefined,
                                undefined,
                                undefined,
                                undefined,
                                false,
                                {
                                  "borderRadius": 50,
                                  "height": 150,
                                  "width": 150,
                                },
                                false,
                              ]
                            }
                          />
                          <View
                            style={
                              [
                                undefined,
                                undefined,
                                undefined,
                                undefined,
                                undefined,
                                undefined,
                                undefined,
                                {
                                  "alignItems": "center",
                                  "backgroundColor": "rgba(255, 255, 255, 0.7)",
                                  "borderRadius": 15,
                                  "height": 30,
                                  "justifyContent": "center",
                                  "left": "50%",
                                  "position": "absolute",
                                  "top": "50%",
                                  "transform": [
                                    {
                                      "translateX": -15,
                                    },
                                    {
                                      "translateY": -15,
                                    },
                                  ],
                                  "width": 30,
                                },
                              ]
                            }
                          >
                            <RNSVGSvgView
                              align="xMidYMid"
                              bbHeight="24"
                              bbWidth="24"
                              fill="none"
                              focusable={false}
                              height={24}
                              meetOrSlice={0}
                              minX={0}
                              minY={0}
                              style={
                                [
                                  {
                                    "backgroundColor": "transparent",
                                    "borderWidth": 0,
                                  },
                                  {
                                    "flex": 0,
                                    "height": 24,
                                    "width": 24,
                                  },
                                ]
                              }
                              vbHeight={24}
                              vbWidth={24}
                              width={24}
                              xml="<svg width="24" height="24" viewBox="0 0 24 24" fill="none" xmlns="http://www.w3.org/2000/svg">
    <g clip-path="url(#clip0_77_28470)">
    <path d="M18 13H13V18C13 18.55 12.55 19 12 19C11.45 19 11 18.55 11 18V13H6C5.45 13 5 12.55 5 12C5 11.45 5.45 11 6 11H11V6C11 5.45 11.45 5 12 5C12.55 5 13 5.45 13 6V11H18C18.55 11 19 11.45 19 12C19 12.55 18.55 13 18 13Z" fill="#323232"/>
    </g>
    <defs>
    <clipPath id="clip0_77_28470">
    <rect width="24" height="24" fill="white"/>
    </clipPath>
    </defs>
    </svg>
    
    
    "
                              xmlns="http://www.w3.org/2000/svg"
                            >
                              <RNSVGGroup
                                fill={null}
                                propList={
                                  [
                                    "fill",
                                  ]
                                }
                              >
                                <RNSVGGroup
                                  clipPath="clip0_77_28470"
                                  fill={
                                    {
                                      "payload": 4278190080,
                                      "type": 0,
                                    }
                                  }
                                >
                                  <RNSVGPath
                                    d="M18 13H13V18C13 18.55 12.55 19 12 19C11.45 19 11 18.55 11 18V13H6C5.45 13 5 12.55 5 12C5 11.45 5.45 11 6 11H11V6C11 5.45 11.45 5 12 5C12.55 5 13 5.45 13 6V11H18C18.55 11 19 11.45 19 12C19 12.55 18.55 13 18 13Z"
                                    fill={
                                      {
                                        "payload": 4281479730,
                                        "type": 0,
                                      }
                                    }
                                    propList={
                                      [
                                        "fill",
                                      ]
                                    }
                                  />
                                </RNSVGGroup>
                                <RNSVGDefs>
                                  <RNSVGClipPath
                                    fill={
                                      {
                                        "payload": 4278190080,
                                        "type": 0,
                                      }
                                    }
                                    name="clip0_77_28470"
                                  >
                                    <RNSVGRect
                                      fill={
                                        {
                                          "payload": 4294967295,
                                          "type": 0,
                                        }
                                      }
                                      height="24"
                                      propList={
                                        [
                                          "fill",
                                        ]
                                      }
                                      width="24"
                                      x="0"
                                      y="0"
                                    />
                                  </RNSVGClipPath>
                                </RNSVGDefs>
                              </RNSVGGroup>
                            </RNSVGSvgView>
                          </View>
                        </View>
                      </View>
                    </View>
                  </View>
                  <View
                    style={
                      [
                        undefined,
                        undefined,
                        undefined,
                        undefined,
                        undefined,
                        undefined,
                        undefined,
                        undefined,
                      ]
                    }
                  >
                    <View
                      accessibilityState={
                        {
                          "busy": undefined,
                          "checked": undefined,
                          "disabled": undefined,
                          "expanded": undefined,
                          "selected": undefined,
                        }
                      }
                      accessibilityValue={
                        {
                          "max": undefined,
                          "min": undefined,
                          "now": undefined,
                          "text": undefined,
                        }
                      }
                      accessible={true}
                      collapsable={false}
                      focusable={true}
                      onBlur={[Function]}
                      onClick={[Function]}
                      onFocus={[Function]}
                      onResponderGrant={[Function]}
                      onResponderMove={[Function]}
                      onResponderRelease={[Function]}
                      onResponderTerminate={[Function]}
                      onResponderTerminationRequest={[Function]}
                      onStartShouldSetResponder={[Function]}
                      style={
                        {
                          "width": "100%",
                        }
                      }
                    >
                      <View
                        style={
                          {
                            "paddingLeft": 10,
                          }
                        }
                      >
                        <Text
                          numberOfLines={0}
                          style={
                            {
                              "borderBottomWidth": 0,
                              "borderColor": undefined,
                              "color": "#216dab",
                              "fontFamily": "Kanit-Medium",
                              "fontSize": 22,
                              "lineHeight": undefined,
                              "textAlign": undefined,
                            }
                          }
                        >
                          labelCompanyName
                        </Text>
                      </View>
                      <View>
                        <View
                          style={
                            {
                              "paddingHorizontal": 10,
                              "width": "100%",
                            }
                          }
                          testID="RNE__Input__view-wrapper"
                        >
                          <View
                            collapsable={false}
                            style={
                              {
                                "alignItems": "center",
                                "borderBottomWidth": 1,
                                "borderColor": "#216dab",
                                "borderRadius": 0,
                                "borderWidth": 0,
                                "flexDirection": "row",
                                "transform": [
                                  {
                                    "translateX": 0,
                                  },
                                ],
                              }
                            }
                          >
                            <View
                              style={
                                {
                                  "alignItems": "center",
                                  "height": 40,
                                  "justifyContent": "center",
                                  "marginVertical": 4,
                                  "paddingRight": 4,
                                }
                              }
                            >
                              <View
                                style={
                                  {
                                    "overflow": "hidden",
                                  }
                                }
                                testID="RNE__ICON__CONTAINER"
                              >
                                <View
                                  accessibilityRole="button"
                                  android_ripple={
                                    {
                                      "borderless": false,
                                      "color": "rgba(0, 0, 0, 0.3)",
                                      "radius": -5,
                                    }
                                  }
                                  disabled={false}
                                  testID="RNE__ICON__CONTAINER_ACTION"
                                >
                                  <View
                                    style={
                                      {
                                        "alignItems": "center",
                                        "backgroundColor": "transparent",
                                        "justifyContent": "center",
                                      }
                                    }
                                    testID="RNE__ICON"
                                  >
                                    <Text
                                      allowFontScaling={false}
                                      selectable={false}
                                      style={
                                        [
                                          {
                                            "color": "#242424",
                                            "fontSize": 24,
                                          },
                                          {
                                            "backgroundColor": "transparent",
                                          },
                                          {
                                            "fontFamily": "Material Icons",
                                            "fontStyle": "normal",
                                            "fontWeight": "normal",
                                          },
                                          {},
                                        ]
                                      }
                                      testID="RNE__ICON__Component"
                                    />
                                  </View>
                                </View>
                              </View>
                            </View>
                            <TextInput
                              editable={true}
                              multiline={false}
                              onBlur={[Function]}
                              onChangeText={[Function]}
                              placeholder="placeholderCompanyName"
                              placeholderTextColor="#86939e"
                              pointerEvents="auto"
                              style={
                                {
                                  "color": "#4d5963",
                                  "flex": 1,
                                  "fontFamily": "Kanit-Regular",
                                  "fontSize": 18,
                                  "minHeight": 40,
                                }
                              }
                              testID="RNE__Input__text-input"
                              underlineColorAndroid="transparent"
                              value=""
                            />
                          </View>
                          <Text
                            style={
                              {
                                "color": "#ff190c",
                                "fontSize": 12,
                                "margin": 5,
                              }
                            }
                          />
                        </View>
                        <View
                          accessibilityState={
                            {
                              "busy": undefined,
                              "checked": undefined,
                              "disabled": undefined,
                              "expanded": undefined,
                              "selected": undefined,
                            }
                          }
                          accessibilityValue={
                            {
                              "max": undefined,
                              "min": undefined,
                              "now": undefined,
                              "text": undefined,
                            }
                          }
                          accessible={true}
                          collapsable={false}
                          focusable={true}
                          onBlur={[Function]}
                          onClick={[Function]}
                          onFocus={[Function]}
                          onResponderGrant={[Function]}
                          onResponderMove={[Function]}
                          onResponderRelease={[Function]}
                          onResponderTerminate={[Function]}
                          onResponderTerminationRequest={[Function]}
                          onStartShouldSetResponder={[Function]}
                          style={
                            {
                              "position": "absolute",
                              "right": 14,
                              "top": 15,
                            }
                          }
                        />
                      </View>
                    </View>
                  </View>
                  <View
                    style={
                      [
                        undefined,
                        undefined,
                        undefined,
                        undefined,
                        undefined,
                        undefined,
                        undefined,
                        undefined,
                      ]
                    }
                  >
                    <View
                      accessibilityState={
                        {
                          "busy": undefined,
                          "checked": undefined,
                          "disabled": undefined,
                          "expanded": undefined,
                          "selected": undefined,
                        }
                      }
                      accessibilityValue={
                        {
                          "max": undefined,
                          "min": undefined,
                          "now": undefined,
                          "text": undefined,
                        }
                      }
                      accessible={true}
                      collapsable={false}
                      focusable={true}
                      onBlur={[Function]}
                      onClick={[Function]}
                      onFocus={[Function]}
                      onResponderGrant={[Function]}
                      onResponderMove={[Function]}
                      onResponderRelease={[Function]}
                      onResponderTerminate={[Function]}
                      onResponderTerminationRequest={[Function]}
                      onStartShouldSetResponder={[Function]}
                      style={
                        {
                          "width": "100%",
                        }
                      }
                    >
                      <View
                        style={
                          {
                            "paddingLeft": 10,
                          }
                        }
                      >
                        <Text
                          numberOfLines={0}
                          style={
                            {
                              "borderBottomWidth": 0,
                              "borderColor": undefined,
                              "color": "#216dab",
                              "fontFamily": "Kanit-Medium",
                              "fontSize": 22,
                              "lineHeight": undefined,
                              "textAlign": undefined,
                            }
                          }
                        >
                          labelTypeofCompany
                        </Text>
                      </View>
                      <View>
                        <View
                          style={
                            {
                              "paddingHorizontal": 10,
                              "width": "100%",
                            }
                          }
                          testID="RNE__Input__view-wrapper"
                        >
                          <View
                            collapsable={false}
                            style={
                              {
                                "alignItems": "center",
                                "borderBottomWidth": 1,
                                "borderColor": "#216dab",
                                "borderRadius": 0,
                                "borderWidth": 0,
                                "flexDirection": "row",
                                "transform": [
                                  {
                                    "translateX": 0,
                                  },
                                ],
                              }
                            }
                          >
                            <View
                              style={
                                {
                                  "alignItems": "center",
                                  "height": 40,
                                  "justifyContent": "center",
                                  "marginVertical": 4,
                                  "paddingRight": 4,
                                }
                              }
                            >
                              <View
                                style={
                                  {
                                    "overflow": "hidden",
                                  }
                                }
                                testID="RNE__ICON__CONTAINER"
                              >
                                <View
                                  accessibilityRole="button"
                                  android_ripple={
                                    {
                                      "borderless": false,
                                      "color": "rgba(0, 0, 0, 0.3)",
                                      "radius": -5,
                                    }
                                  }
                                  disabled={false}
                                  testID="RNE__ICON__CONTAINER_ACTION"
                                >
                                  <View
                                    style={
                                      {
                                        "alignItems": "center",
                                        "backgroundColor": "transparent",
                                        "justifyContent": "center",
                                      }
                                    }
                                    testID="RNE__ICON"
                                  >
                                    <Text
                                      allowFontScaling={false}
                                      selectable={false}
                                      style={
                                        [
                                          {
                                            "color": "#242424",
                                            "fontSize": 24,
                                          },
                                          {
                                            "backgroundColor": "transparent",
                                          },
                                          {
                                            "fontFamily": "Material Icons",
                                            "fontStyle": "normal",
                                            "fontWeight": "normal",
                                          },
                                          {},
                                        ]
                                      }
                                      testID="RNE__ICON__Component"
                                    />
                                  </View>
                                </View>
                              </View>
                            </View>
                            <TextInput
                              editable={true}
                              multiline={false}
                              onBlur={[Function]}
                              onChangeText={[Function]}
                              placeholder="placeholderTypeofCompany"
                              placeholderTextColor="#86939e"
                              pointerEvents="auto"
                              style={
                                {
                                  "color": "#4d5963",
                                  "flex": 1,
                                  "fontFamily": "Kanit-Regular",
                                  "fontSize": 18,
                                  "minHeight": 40,
                                }
                              }
                              testID="RNE__Input__text-input"
                              underlineColorAndroid="transparent"
                              value=""
                            />
                          </View>
                          <Text
                            style={
                              {
                                "color": "#ff190c",
                                "fontSize": 12,
                                "margin": 5,
                              }
                            }
                          />
                        </View>
                        <View
                          accessibilityState={
                            {
                              "busy": undefined,
                              "checked": undefined,
                              "disabled": undefined,
                              "expanded": undefined,
                              "selected": undefined,
                            }
                          }
                          accessibilityValue={
                            {
                              "max": undefined,
                              "min": undefined,
                              "now": undefined,
                              "text": undefined,
                            }
                          }
                          accessible={true}
                          collapsable={false}
                          focusable={true}
                          onBlur={[Function]}
                          onClick={[Function]}
                          onFocus={[Function]}
                          onResponderGrant={[Function]}
                          onResponderMove={[Function]}
                          onResponderRelease={[Function]}
                          onResponderTerminate={[Function]}
                          onResponderTerminationRequest={[Function]}
                          onStartShouldSetResponder={[Function]}
                          style={
                            {
                              "position": "absolute",
                              "right": 14,
                              "top": 15,
                            }
                          }
                        />
                      </View>
                    </View>
                  </View>
                  <View
                    style={
                      [
                        undefined,
                        undefined,
                        undefined,
                        undefined,
                        undefined,
                        undefined,
                        undefined,
                        undefined,
                      ]
                    }
                  >
                    <View
                      accessibilityState={
                        {
                          "busy": undefined,
                          "checked": undefined,
                          "disabled": undefined,
                          "expanded": undefined,
                          "selected": undefined,
                        }
                      }
                      accessibilityValue={
                        {
                          "max": undefined,
                          "min": undefined,
                          "now": undefined,
                          "text": undefined,
                        }
                      }
                      accessible={true}
                      collapsable={false}
                      focusable={true}
                      onBlur={[Function]}
                      onClick={[Function]}
                      onFocus={[Function]}
                      onResponderGrant={[Function]}
                      onResponderMove={[Function]}
                      onResponderRelease={[Function]}
                      onResponderTerminate={[Function]}
                      onResponderTerminationRequest={[Function]}
                      onStartShouldSetResponder={[Function]}
                      style={
                        {
                          "width": "100%",
                        }
                      }
                    >
                      <View
                        style={
                          {
                            "paddingLeft": 10,
                          }
                        }
                      >
                        <Text
                          numberOfLines={0}
                          style={
                            {
                              "borderBottomWidth": 0,
                              "borderColor": undefined,
                              "color": "#216dab",
                              "fontFamily": "Kanit-Medium",
                              "fontSize": 22,
                              "lineHeight": undefined,
                              "textAlign": undefined,
                            }
                          }
                        >
                          labelCompanyAddress
                        </Text>
                      </View>
                      <View>
                        <View
                          style={
                            {
                              "paddingHorizontal": 10,
                              "width": "100%",
                            }
                          }
                          testID="RNE__Input__view-wrapper"
                        >
                          <View
                            collapsable={false}
                            style={
                              {
                                "alignItems": "center",
                                "borderBottomWidth": 1,
                                "borderColor": "#216dab",
                                "borderRadius": 0,
                                "borderWidth": 0,
                                "flexDirection": "row",
                                "transform": [
                                  {
                                    "translateX": 0,
                                  },
                                ],
                              }
                            }
                          >
                            <View
                              style={
                                {
                                  "alignItems": "center",
                                  "height": 40,
                                  "justifyContent": "center",
                                  "marginVertical": 4,
                                  "paddingRight": 4,
                                }
                              }
                            >
                              <View
                                style={
                                  {
                                    "overflow": "hidden",
                                  }
                                }
                                testID="RNE__ICON__CONTAINER"
                              >
                                <View
                                  accessibilityRole="button"
                                  android_ripple={
                                    {
                                      "borderless": false,
                                      "color": "rgba(0, 0, 0, 0.3)",
                                      "radius": -5,
                                    }
                                  }
                                  disabled={false}
                                  testID="RNE__ICON__CONTAINER_ACTION"
                                >
                                  <View
                                    style={
                                      {
                                        "alignItems": "center",
                                        "backgroundColor": "transparent",
                                        "justifyContent": "center",
                                      }
                                    }
                                    testID="RNE__ICON"
                                  >
                                    <Text
                                      allowFontScaling={false}
                                      selectable={false}
                                      style={
                                        [
                                          {
                                            "color": "#242424",
                                            "fontSize": 24,
                                          },
                                          {
                                            "backgroundColor": "transparent",
                                          },
                                          {
                                            "fontFamily": "Material Icons",
                                            "fontStyle": "normal",
                                            "fontWeight": "normal",
                                          },
                                          {},
                                        ]
                                      }
                                      testID="RNE__ICON__Component"
                                    />
                                  </View>
                                </View>
                              </View>
                            </View>
                            <TextInput
                              editable={true}
                              multiline={false}
                              onBlur={[Function]}
                              onChangeText={[Function]}
                              placeholder="placeholderCompanyAddress"
                              placeholderTextColor="#86939e"
                              pointerEvents="auto"
                              style={
                                {
                                  "color": "#4d5963",
                                  "flex": 1,
                                  "fontFamily": "Kanit-Regular",
                                  "fontSize": 18,
                                  "minHeight": 40,
                                }
                              }
                              testID="RNE__Input__text-input"
                              underlineColorAndroid="transparent"
                              value=""
                            />
                          </View>
                          <Text
                            style={
                              {
                                "color": "#ff190c",
                                "fontSize": 12,
                                "margin": 5,
                              }
                            }
                          />
                        </View>
                        <View
                          accessibilityState={
                            {
                              "busy": undefined,
                              "checked": undefined,
                              "disabled": undefined,
                              "expanded": undefined,
                              "selected": undefined,
                            }
                          }
                          accessibilityValue={
                            {
                              "max": undefined,
                              "min": undefined,
                              "now": undefined,
                              "text": undefined,
                            }
                          }
                          accessible={true}
                          collapsable={false}
                          focusable={true}
                          onBlur={[Function]}
                          onClick={[Function]}
                          onFocus={[Function]}
                          onResponderGrant={[Function]}
                          onResponderMove={[Function]}
                          onResponderRelease={[Function]}
                          onResponderTerminate={[Function]}
                          onResponderTerminationRequest={[Function]}
                          onStartShouldSetResponder={[Function]}
                          style={
                            {
                              "position": "absolute",
                              "right": 14,
                              "top": 15,
                            }
                          }
                        />
                      </View>
                    </View>
                  </View>
                  <View
                    style={
                      [
                        undefined,
                        undefined,
                        undefined,
                        undefined,
                        undefined,
                        undefined,
                        undefined,
                        {
                          "paddingLeft": 10,
                        },
                      ]
                    }
                  >
                    <View
                      style={
                        [
                          undefined,
                          undefined,
                          undefined,
                          undefined,
                          undefined,
                          undefined,
                          undefined,
                          {
                            "paddingBottom": 5,
                          },
                        ]
                      }
                    >
                      <Text
                        style={
                          [
                            {
                              "backgroundColor": "transparent",
                              "color": "#20303C",
                              "writingDirection": "ltr",
                            },
                            undefined,
                            undefined,
                            undefined,
                            undefined,
                            undefined,
                            undefined,
                            undefined,
                            undefined,
                            {
                              "color": "#216dab",
                              "fontFamily": "Kanit-Medium",
                              "fontSize": 22,
                            },
                          ]
                        }
                      >
                        textBusinessLicenseNumber
                      </Text>
                    </View>
                    <View
                      style={
                        [
                          undefined,
                          undefined,
                          undefined,
                          undefined,
                          undefined,
                          undefined,
                          undefined,
                          {
                            "paddingBottom": 25,
                          },
                        ]
                      }
                    >
                      <View
                        accessibilityRole="button"
                        accessibilityState={
                          {
                            "busy": undefined,
                            "checked": undefined,
                            "disabled": undefined,
                            "expanded": undefined,
                            "selected": undefined,
                          }
                        }
                        accessibilityValue={
                          {
                            "max": undefined,
                            "min": undefined,
                            "now": undefined,
                            "text": undefined,
                          }
                        }
                        accessible={true}
                        collapsable={false}
                        focusable={true}
                        onClick={[Function]}
                        onResponderGrant={[Function]}
                        onResponderMove={[Function]}
                        onResponderRelease={[Function]}
                        onResponderTerminate={[Function]}
                        onResponderTerminationRequest={[Function]}
                        onStartShouldSetResponder={[Function]}
                        style={
                          {
                            "opacity": 1,
                          }
                        }
                        testID="businessLicenseNumber"
                      >
                        <View
                          style={
                            [
                              undefined,
                              undefined,
                              undefined,
                              undefined,
                              undefined,
                              undefined,
                              undefined,
                              {
                                "alignItems": "center",
                                "borderBottomColor": "#216dab",
                                "borderBottomWidth": 1,
                                "flexDirection": "row",
                                "paddingBottom": 15,
                              },
                            ]
                          }
                        >
                          <Text
                            style={
                              [
                                {
                                  "backgroundColor": "transparent",
                                  "color": "#20303C",
                                  "writingDirection": "ltr",
                                },
                                undefined,
                                undefined,
                                undefined,
                                undefined,
                                undefined,
                                undefined,
                                undefined,
                                undefined,
                                {
                                  "flex": 1,
                                },
                              ]
                            }
                          >
                            textSelectFile
                          </Text>
                          <RNSVGSvgView
                            align="xMidYMid"
                            bbHeight="24"
                            bbWidth="24"
                            fill="none"
                            focusable={false}
                            height={24}
                            meetOrSlice={0}
                            minX={0}
                            minY={0}
                            style={
                              [
                                {
                                  "backgroundColor": "transparent",
                                  "borderWidth": 0,
                                },
                                {
                                  "flex": 0,
                                  "height": 24,
                                  "width": 24,
                                },
                              ]
                            }
                            vbHeight={24}
                            vbWidth={24}
                            width={24}
                            xml="<svg width="24" height="24" viewBox="0 0 24 24" fill="none" xmlns="http://www.w3.org/2000/svg">
    <g clip-path="url(#clip0_77_28470)">
    <path d="M18 13H13V18C13 18.55 12.55 19 12 19C11.45 19 11 18.55 11 18V13H6C5.45 13 5 12.55 5 12C5 11.45 5.45 11 6 11H11V6C11 5.45 11.45 5 12 5C12.55 5 13 5.45 13 6V11H18C18.55 11 19 11.45 19 12C19 12.55 18.55 13 18 13Z" fill="#323232"/>
    </g>
    <defs>
    <clipPath id="clip0_77_28470">
    <rect width="24" height="24" fill="white"/>
    </clipPath>
    </defs>
    </svg>
    
    
    "
                            xmlns="http://www.w3.org/2000/svg"
                          >
                            <RNSVGGroup
                              fill={null}
                              propList={
                                [
                                  "fill",
                                ]
                              }
                            >
                              <RNSVGGroup
                                clipPath="clip0_77_28470"
                                fill={
                                  {
                                    "payload": 4278190080,
                                    "type": 0,
                                  }
                                }
                              >
                                <RNSVGPath
                                  d="M18 13H13V18C13 18.55 12.55 19 12 19C11.45 19 11 18.55 11 18V13H6C5.45 13 5 12.55 5 12C5 11.45 5.45 11 6 11H11V6C11 5.45 11.45 5 12 5C12.55 5 13 5.45 13 6V11H18C18.55 11 19 11.45 19 12C19 12.55 18.55 13 18 13Z"
                                  fill={
                                    {
                                      "payload": 4281479730,
                                      "type": 0,
                                    }
                                  }
                                  propList={
                                    [
                                      "fill",
                                    ]
                                  }
                                />
                              </RNSVGGroup>
                              <RNSVGDefs>
                                <RNSVGClipPath
                                  fill={
                                    {
                                      "payload": 4278190080,
                                      "type": 0,
                                    }
                                  }
                                  name="clip0_77_28470"
                                >
                                  <RNSVGRect
                                    fill={
                                      {
                                        "payload": 4294967295,
                                        "type": 0,
                                      }
                                    }
                                    height="24"
                                    propList={
                                      [
                                        "fill",
                                      ]
                                    }
                                    width="24"
                                    x="0"
                                    y="0"
                                  />
                                </RNSVGClipPath>
                              </RNSVGDefs>
                            </RNSVGGroup>
                          </RNSVGSvgView>
                        </View>
                      </View>
                    </View>
                  </View>
                  <View
                    style={
                      [
                        undefined,
                        undefined,
                        undefined,
                        undefined,
                        undefined,
                        undefined,
                        undefined,
                        {
                          "paddingLeft": 10,
                        },
                      ]
                    }
                  >
                    <View
                      style={
                        [
                          undefined,
                          undefined,
                          undefined,
                          undefined,
                          undefined,
                          undefined,
                          undefined,
                          {
                            "paddingBottom": 5,
                          },
                        ]
                      }
                    >
                      <Text
                        style={
                          [
                            {
                              "backgroundColor": "transparent",
                              "color": "#20303C",
                              "writingDirection": "ltr",
                            },
                            undefined,
                            undefined,
                            undefined,
                            undefined,
                            undefined,
                            undefined,
                            undefined,
                            undefined,
                            {
                              "color": "#216dab",
                              "fontFamily": "Kanit-Medium",
                              "fontSize": 22,
                            },
                          ]
                        }
                      >
                        textTaxIDNumber
                      </Text>
                    </View>
                    <View
                      style={
                        [
                          undefined,
                          undefined,
                          undefined,
                          undefined,
                          undefined,
                          undefined,
                          undefined,
                          {
                            "paddingBottom": 25,
                          },
                        ]
                      }
                    >
                      <View
                        accessibilityRole="button"
                        accessibilityState={
                          {
                            "busy": undefined,
                            "checked": undefined,
                            "disabled": undefined,
                            "expanded": undefined,
                            "selected": undefined,
                          }
                        }
                        accessibilityValue={
                          {
                            "max": undefined,
                            "min": undefined,
                            "now": undefined,
                            "text": undefined,
                          }
                        }
                        accessible={true}
                        collapsable={false}
                        focusable={true}
                        onClick={[Function]}
                        onResponderGrant={[Function]}
                        onResponderMove={[Function]}
                        onResponderRelease={[Function]}
                        onResponderTerminate={[Function]}
                        onResponderTerminationRequest={[Function]}
                        onStartShouldSetResponder={[Function]}
                        style={
                          {
                            "opacity": 1,
                          }
                        }
                        testID="taxID"
                      >
                        <View
                          style={
                            [
                              undefined,
                              undefined,
                              undefined,
                              undefined,
                              undefined,
                              undefined,
                              undefined,
                              {
                                "alignItems": "center",
                                "borderBottomColor": "#216dab",
                                "borderBottomWidth": 1,
                                "flexDirection": "row",
                                "paddingBottom": 15,
                              },
                            ]
                          }
                        >
                          <Text
                            style={
                              [
                                {
                                  "backgroundColor": "transparent",
                                  "color": "#20303C",
                                  "writingDirection": "ltr",
                                },
                                undefined,
                                undefined,
                                undefined,
                                undefined,
                                undefined,
                                undefined,
                                undefined,
                                undefined,
                                {
                                  "flex": 1,
                                },
                              ]
                            }
                          >
                            textSelectFile
                          </Text>
                          <RNSVGSvgView
                            align="xMidYMid"
                            bbHeight="24"
                            bbWidth="24"
                            fill="none"
                            focusable={false}
                            height={24}
                            meetOrSlice={0}
                            minX={0}
                            minY={0}
                            style={
                              [
                                {
                                  "backgroundColor": "transparent",
                                  "borderWidth": 0,
                                },
                                {
                                  "flex": 0,
                                  "height": 24,
                                  "width": 24,
                                },
                              ]
                            }
                            vbHeight={24}
                            vbWidth={24}
                            width={24}
                            xml="<svg width="24" height="24" viewBox="0 0 24 24" fill="none" xmlns="http://www.w3.org/2000/svg">
    <g clip-path="url(#clip0_77_28470)">
    <path d="M18 13H13V18C13 18.55 12.55 19 12 19C11.45 19 11 18.55 11 18V13H6C5.45 13 5 12.55 5 12C5 11.45 5.45 11 6 11H11V6C11 5.45 11.45 5 12 5C12.55 5 13 5.45 13 6V11H18C18.55 11 19 11.45 19 12C19 12.55 18.55 13 18 13Z" fill="#323232"/>
    </g>
    <defs>
    <clipPath id="clip0_77_28470">
    <rect width="24" height="24" fill="white"/>
    </clipPath>
    </defs>
    </svg>
    
    
    "
                            xmlns="http://www.w3.org/2000/svg"
                          >
                            <RNSVGGroup
                              fill={null}
                              propList={
                                [
                                  "fill",
                                ]
                              }
                            >
                              <RNSVGGroup
                                clipPath="clip0_77_28470"
                                fill={
                                  {
                                    "payload": 4278190080,
                                    "type": 0,
                                  }
                                }
                              >
                                <RNSVGPath
                                  d="M18 13H13V18C13 18.55 12.55 19 12 19C11.45 19 11 18.55 11 18V13H6C5.45 13 5 12.55 5 12C5 11.45 5.45 11 6 11H11V6C11 5.45 11.45 5 12 5C12.55 5 13 5.45 13 6V11H18C18.55 11 19 11.45 19 12C19 12.55 18.55 13 18 13Z"
                                  fill={
                                    {
                                      "payload": 4281479730,
                                      "type": 0,
                                    }
                                  }
                                  propList={
                                    [
                                      "fill",
                                    ]
                                  }
                                />
                              </RNSVGGroup>
                              <RNSVGDefs>
                                <RNSVGClipPath
                                  fill={
                                    {
                                      "payload": 4278190080,
                                      "type": 0,
                                    }
                                  }
                                  name="clip0_77_28470"
                                >
                                  <RNSVGRect
                                    fill={
                                      {
                                        "payload": 4294967295,
                                        "type": 0,
                                      }
                                    }
                                    height="24"
                                    propList={
                                      [
                                        "fill",
                                      ]
                                    }
                                    width="24"
                                    x="0"
                                    y="0"
                                  />
                                </RNSVGClipPath>
                              </RNSVGDefs>
                            </RNSVGGroup>
                          </RNSVGSvgView>
                        </View>
                      </View>
                    </View>
                  </View>
                  <View
                    accessibilityState={
                      {
                        "busy": undefined,
                        "checked": undefined,
                        "disabled": undefined,
                        "expanded": undefined,
                        "selected": undefined,
                      }
                    }
                    accessibilityValue={
                      {
                        "max": undefined,
                        "min": undefined,
                        "now": undefined,
                        "text": undefined,
                      }
                    }
                    accessible={true}
                    collapsable={false}
                    focusable={true}
                    onBlur={[Function]}
                    onClick={[Function]}
                    onFocus={[Function]}
                    onResponderGrant={[Function]}
                    onResponderMove={[Function]}
                    onResponderRelease={[Function]}
                    onResponderTerminate={[Function]}
                    onResponderTerminationRequest={[Function]}
                    onStartShouldSetResponder={[Function]}
                    style={
                      {
                        "alignItems": "center",
                        "backgroundColor": "#216dab",
                        "borderRadius": 6,
                        "elevation": 2,
                        "flexDirection": "row",
                        "gap": 0,
                        "justifyContent": "center",
                        "paddingHorizontal": 10,
                        "paddingVertical": 6,
                      }
                    }
                    testID="submitButton"
                  >
                    <Text
                      numberOfLines={0}
                      style={
                        {
                          "borderBottomWidth": 0,
                          "borderColor": undefined,
                          "color": "#f0f6fb",
                          "fontFamily": "Kanit-Medium",
                          "fontSize": 18,
                          "lineHeight": undefined,
                          "textAlign": undefined,
                        }
                      }
                    >
                      labelButtonSubmit
                    </Text>
                    <View
                      style={
                        [
                          undefined,
                          undefined,
                          undefined,
                          undefined,
                          undefined,
                          undefined,
                          undefined,
                          {
                            "position": "absolute",
                            "right": 20,
                          },
                        ]
                      }
                    />
                  </View>
                </View>
              </View>
            </RCTScrollView>
          </View>
        </View>
      </View>
      <RNSScreenStackHeaderConfig
        backButtonInCustomView={false}
        backTitleVisible={true}
        backgroundColor="rgb(255, 255, 255)"
        color="rgb(0, 122, 255)"
        direction="ltr"
        disableBackButtonMenu={false}
        hidden={false}
        hideBackButton={false}
        largeTitleHideShadow={false}
        title="CompanyRegister"
        titleColor="rgb(28, 28, 30)"
        topInsetEnabled={false}
        translucent={false}
      />
    </RNSScreen>
  </RNSScreenStack>
</RNCSafeAreaProvider>
`;
