// Jest Snapshot v1, https://goo.gl/fbAQLP

exports[`Testing transaction management screen Snapshoot testing should render transaction management screen corectly 1`] = `
<RNCSafeAreaProvider
  onInsetsChange={[Function]}
  style={
    {
      "flex": 1,
    }
  }
>
  <RNSScreenStack
    style={
      {
        "flex": 1,
      }
    }
  >
    <RNSScreen
      collapsable={false}
      forwardedRef={[Function]}
      gestureResponseDistance={
        {
          "bottom": -1,
          "end": -1,
          "start": -1,
          "top": -1,
        }
      }
      nativeBackButtonDismissalEnabled={false}
      onAppear={[Function]}
      onDisappear={[Function]}
      onDismissed={[Function]}
      onGestureCancel={[Function]}
      onHeaderBackButtonClicked={[Function]}
      onNativeDismissCancelled={[Function]}
      onTransitionProgress={[Function]}
      onWillDisappear={[Function]}
      replaceAnimation="push"
      sheetAllowedDetents="large"
      sheetCornerRadius={-1}
      sheetExpandsWhenScrolledToEdge={true}
      sheetGrabberVisible={false}
      sheetLargestUndimmedDetent="all"
      stackPresentation="push"
      style={
        {
          "bottom": 0,
          "left": 0,
          "position": "absolute",
          "right": 0,
          "top": 0,
        }
      }
      swipeDirection="horizontal"
    >
      <View
        accessibilityElementsHidden={false}
        importantForAccessibility="auto"
        style={
          {
            "flex": 1,
            "flexDirection": "column-reverse",
          }
        }
      >
        <View
          collapsable={false}
          style={
            [
              {
                "flex": 1,
              },
              {
                "backgroundColor": "rgb(242, 242, 242)",
              },
              undefined,
            ]
          }
        >
          <RCTScrollView
            collapsable={false}
            data={
              [
                "",
              ]
            }
            getItem={[Function]}
            getItemCount={[Function]}
            handlerTag={1}
            handlerType="NativeViewGestureHandler"
            keyExtractor={[Function]}
            onContentSizeChange={[Function]}
            onGestureHandlerEvent={[Function]}
            onGestureHandlerStateChange={[Function]}
            onLayout={[Function]}
            onMomentumScrollBegin={[Function]}
            onMomentumScrollEnd={[Function]}
            onScroll={[Function]}
            onScrollBeginDrag={[Function]}
            onScrollEndDrag={[Function]}
            removeClippedSubviews={false}
            renderItem={[Function]}
            renderScrollComponent={[Function]}
            scrollEventThrottle={50}
            showsVerticalScrollIndicator={false}
            stickyHeaderIndices={[]}
            style={
              {
                "marginHorizontal": 20,
              }
            }
            viewabilityConfigCallbackPairs={[]}
            waitFor={
              [
                {
                  "current": null,
                },
                {
                  "current": null,
                },
              ]
            }
          >
            <View>
              <View
                onFocusCapture={[Function]}
                onLayout={[Function]}
                style={null}
              >
                <View
                  style={
                    [
                      undefined,
                      undefined,
                      {
                        "flex": 1,
                      },
                      undefined,
                      {},
                      {},
                      {},
                      {
                        "backgroundColor": "#f0f6fb",
                        "justifyContent": "space-between",
                        "position": "relative",
                      },
                    ]
                  }
                  testID="adminHomeScreen"
                >
                  <RCTScrollView
                    contentContainerStyle={
                      {
                        "alignItems": undefined,
                        "flex": undefined,
                        "flexGrow": 1,
                        "gap": undefined,
                        "justifyContent": undefined,
                        "marginBottom": 40,
                        "padding": undefined,
                        "paddingVertical": undefined,
                      }
                    }
                  >
                    <View>
                      <Text
                        numberOfLines={0}
                        style={
                          {
                            "borderBottomWidth": 0,
                            "borderColor": undefined,
                            "color": "#4d5963",
                            "fontFamily": "Kanit-Regular",
                            "fontSize": 22,
                            "lineHeight": undefined,
                            "textAlign": undefined,
                          }
                        }
                      >
                        Transaction List
                      </Text>
                      <View
                        style={
                          {
                            "alignItems": "center",
                            "backgroundColor": "#cbcdd1",
                            "borderRadius": 5,
                            "flexDirection": "row",
                            "height": 50,
                            "justifyContent": "center",
                            "marginVertical": 12,
                            "overflow": "hidden",
                            "paddingBottom": 13,
                            "paddingTop": 13,
                          }
                        }
                        testID="RNE__SearchBar-wrapper"
                      >
                        <View
                          style={
                            {
                              "paddingHorizontal": 0,
                              "width": "100%",
                            }
                          }
                          testID="RNE__Input__view-wrapper"
                        >
                          <View
                            collapsable={false}
                            style={
                              {
                                "alignItems": "center",
                                "backgroundColor": "#cbcdd1",
                                "borderBottomWidth": 0,
                                "borderColor": "#86939e",
                                "borderRadius": 5,
                                "flexDirection": "row",
                                "justifyContent": "center",
                                "marginLeft": 8,
                                "marginRight": 8,
                                "minHeight": 36,
                                "transform": [
                                  {
                                    "translateX": 0,
                                  },
                                ],
                              }
                            }
                          >
                            <View
                              style={
                                {
                                  "alignItems": "center",
                                  "height": 40,
                                  "justifyContent": "center",
                                  "marginLeft": 8,
                                  "marginVertical": 4,
                                  "paddingRight": 4,
                                }
                              }
                            >
                              <View
                                style={
                                  {
                                    "overflow": "hidden",
                                  }
                                }
                                testID="RNE__ICON__CONTAINER"
                              >
                                <View
                                  accessibilityRole="button"
                                  android_ripple={
                                    {
                                      "borderless": false,
                                      "color": "rgba(0, 0, 0, 0.3)",
                                      "radius": -5,
                                    }
                                  }
                                  disabled={false}
                                  testID="RNE__ICON__CONTAINER_ACTION"
                                >
                                  <View
                                    style={
                                      {
                                        "alignItems": "center",
                                        "backgroundColor": "transparent",
                                        "justifyContent": "center",
                                      }
                                    }
                                    testID="RNE__ICON"
                                  >
                                    <Text
                                      allowFontScaling={false}
                                      selectable={false}
                                      style={
                                        [
                                          {
                                            "color": "#7d7d7d",
                                            "fontSize": 20,
                                          },
                                          {
                                            "backgroundColor": "transparent",
                                          },
                                          {
                                            "fontFamily": "Ionicons",
                                            "fontStyle": "normal",
                                            "fontWeight": "normal",
                                          },
                                          {},
                                        ]
                                      }
                                      testID="RNE__ICON__Component"
                                    >
                                      
                                    </Text>
                                  </View>
                                </View>
                              </View>
                            </View>
                            <TextInput
                              editable={true}
                              onBlur={[Function]}
                              onCancel={[Function]}
                              onChangeText={[Function]}
                              onFocus={[Function]}
                              placeholder="Search Transaction"
                              placeholderTextColor="#7d7d7d"
                              platform="ios"
                              style={
                                {
                                  "color": "#4d5963",
                                  "flex": 1,
                                  "fontFamily": "Kanit-Regular",
                                  "fontSize": 20,
                                  "marginLeft": 6,
                                  "minHeight": 40,
                                  "overflow": "hidden",
                                }
                              }
                              testID="search-bar"
                              underlineColorAndroid="transparent"
                              value=""
                            />
                            <View
                              style={
                                {
                                  "alignItems": "center",
                                  "height": 40,
                                  "justifyContent": "center",
                                  "marginRight": 8,
                                  "marginVertical": 4,
                                  "paddingRight": 4,
                                }
                              }
                            >
                              <View
                                style={
                                  {
                                    "flexDirection": "row",
                                  }
                                }
                              />
                            </View>
                          </View>
                          <Text
                            style={
                              {
                                "color": "#ff190c",
                                "fontSize": 12,
                                "height": 0,
                                "margin": 0,
                                "padding": 0,
                              }
                            }
                          />
                        </View>
                        <View
                          onLayout={[Function]}
                          style={
                            {
                              "opacity": 0,
                              "position": "absolute",
                              "right": null,
                            }
                          }
                          testID="RNE__SearchBar-cancelButtonContainer"
                        >
                          <View
                            accessibilityRole="button"
                            accessibilityState={
                              {
                                "busy": undefined,
                                "checked": undefined,
                                "disabled": undefined,
                                "expanded": undefined,
                                "selected": undefined,
                              }
                            }
                            accessibilityValue={
                              {
                                "max": undefined,
                                "min": undefined,
                                "now": undefined,
                                "text": undefined,
                              }
                            }
                            accessible={true}
                            collapsable={false}
                            focusable={true}
                            onBlur={[Function]}
                            onClick={[Function]}
                            onFocus={[Function]}
                            onResponderGrant={[Function]}
                            onResponderMove={[Function]}
                            onResponderRelease={[Function]}
                            onResponderTerminate={[Function]}
                            onResponderTerminationRequest={[Function]}
                            onStartShouldSetResponder={[Function]}
                          >
                            <View
                              style={{}}
                              testID="RNE__SearchBar-cancelButton"
                            >
                              <Text
                                style={
                                  {
                                    "color": "#007aff",
                                    "fontSize": 18,
                                    "padding": 8,
                                    "textAlign": "center",
                                  }
                                }
                              >
                                Cancel
                              </Text>
                            </View>
                          </View>
                        </View>
                      </View>
                      <RCTScrollView
                        ItemSeparatorComponent={[Function]}
                        collapsable={false}
                        getItem={[Function]}
                        getItemCount={[Function]}
                        handlerTag={2}
                        handlerType="NativeViewGestureHandler"
                        keyExtractor={[Function]}
                        onContentSizeChange={[Function]}
                        onEndReached={[Function]}
                        onEndReachedThreshold={0.1}
                        onGestureHandlerEvent={[Function]}
                        onGestureHandlerStateChange={[Function]}
                        onLayout={[Function]}
                        onMomentumScrollBegin={[Function]}
                        onMomentumScrollEnd={[Function]}
                        onScroll={[Function]}
                        onScrollBeginDrag={[Function]}
                        onScrollEndDrag={[Function]}
                        removeClippedSubviews={false}
                        renderItem={[Function]}
                        renderScrollComponent={[Function]}
                        scrollEventThrottle={50}
                        stickyHeaderIndices={[]}
                        testID="transaction-flatlist"
                        viewabilityConfigCallbackPairs={[]}
                        waitFor={
                          [
                            {
                              "current": null,
                            },
                            {
                              "current": null,
                            },
                          ]
                        }
                      >
                        <View />
                      </RCTScrollView>
                    </View>
                  </RCTScrollView>
                </View>
              </View>
            </View>
          </RCTScrollView>
        </View>
      </View>
      <RNSScreenStackHeaderConfig
        backButtonInCustomView={false}
        backTitleVisible={true}
        backgroundColor="rgb(255, 255, 255)"
        color="rgb(0, 122, 255)"
        direction="ltr"
        disableBackButtonMenu={false}
        hidden={false}
        hideBackButton={false}
        largeTitleHideShadow={false}
        title="ManageTransaction"
        titleColor="rgb(28, 28, 30)"
        topInsetEnabled={false}
        translucent={false}
      />
    </RNSScreen>
  </RNSScreenStack>
</RNCSafeAreaProvider>
`;

exports[`Testing transaction management screen Snapshot testing should render transaction management screen corectly 1`] = `
<RNCSafeAreaProvider
  onInsetsChange={[Function]}
  style={
    {
      "flex": 1,
    }
  }
>
  <RNSScreenStack
    style={
      {
        "flex": 1,
      }
    }
  >
    <RNSScreen
      collapsable={false}
      forwardedRef={[Function]}
      gestureResponseDistance={
        {
          "bottom": -1,
          "end": -1,
          "start": -1,
          "top": -1,
        }
      }
      nativeBackButtonDismissalEnabled={false}
      onAppear={[Function]}
      onDisappear={[Function]}
      onDismissed={[Function]}
      onGestureCancel={[Function]}
      onHeaderBackButtonClicked={[Function]}
      onNativeDismissCancelled={[Function]}
      onTransitionProgress={[Function]}
      onWillDisappear={[Function]}
      replaceAnimation="push"
      sheetAllowedDetents="large"
      sheetCornerRadius={-1}
      sheetExpandsWhenScrolledToEdge={true}
      sheetGrabberVisible={false}
      sheetLargestUndimmedDetent="all"
      stackPresentation="push"
      style={
        {
          "bottom": 0,
          "left": 0,
          "position": "absolute",
          "right": 0,
          "top": 0,
        }
      }
      swipeDirection="horizontal"
    >
      <View
        accessibilityElementsHidden={false}
        importantForAccessibility="auto"
        style={
          {
            "flex": 1,
            "flexDirection": "column-reverse",
          }
        }
      >
        <View
          collapsable={false}
          style={
            [
              {
                "flex": 1,
              },
              {
                "backgroundColor": "rgb(242, 242, 242)",
              },
              undefined,
            ]
          }
        >
          <RCTScrollView
            collapsable={false}
            data={
              [
                "",
              ]
            }
            getItem={[Function]}
            getItemCount={[Function]}
            handlerTag={1}
            handlerType="NativeViewGestureHandler"
            keyExtractor={[Function]}
            onContentSizeChange={[Function]}
            onGestureHandlerEvent={[Function]}
            onGestureHandlerStateChange={[Function]}
            onLayout={[Function]}
            onMomentumScrollBegin={[Function]}
            onMomentumScrollEnd={[Function]}
            onScroll={[Function]}
            onScrollBeginDrag={[Function]}
            onScrollEndDrag={[Function]}
            removeClippedSubviews={false}
            renderItem={[Function]}
            renderScrollComponent={[Function]}
            scrollEventThrottle={50}
            showsVerticalScrollIndicator={false}
            stickyHeaderIndices={[]}
            style={
              {
                "marginHorizontal": 20,
              }
            }
            viewabilityConfigCallbackPairs={[]}
            waitFor={
              [
                {
                  "current": null,
                },
                {
                  "current": null,
                },
              ]
            }
          >
            <View>
              <View
                onFocusCapture={[Function]}
                onLayout={[Function]}
                style={null}
              >
                <View
                  style={
                    [
                      undefined,
                      undefined,
                      {
                        "flex": 1,
                      },
                      undefined,
                      {},
                      {},
                      {},
                      {
                        "backgroundColor": "#f0f6fb",
                        "justifyContent": "space-between",
                        "position": "relative",
                      },
                    ]
                  }
                  testID="adminHomeScreen"
                >
                  <RCTScrollView
                    contentContainerStyle={
                      {
                        "alignItems": undefined,
                        "flex": undefined,
                        "flexGrow": 1,
                        "gap": undefined,
                        "justifyContent": undefined,
                        "marginBottom": 40,
                        "padding": undefined,
                        "paddingVertical": undefined,
                      }
                    }
                  >
                    <View>
                      <Text
                        numberOfLines={0}
                        style={
                          {
                            "borderBottomWidth": 0,
                            "borderColor": undefined,
                            "color": "#4d5963",
                            "fontFamily": "Kanit-Regular",
                            "fontSize": 22,
                            "lineHeight": undefined,
                            "textAlign": undefined,
                          }
                        }
                      >
                        Transaction List
                      </Text>
                      <View
                        style={
                          {
                            "alignItems": "center",
                            "backgroundColor": "#cbcdd1",
                            "borderRadius": 5,
                            "flexDirection": "row",
                            "height": 50,
                            "justifyContent": "center",
                            "marginVertical": 12,
                            "overflow": "hidden",
                            "paddingBottom": 13,
                            "paddingTop": 13,
                          }
                        }
                        testID="RNE__SearchBar-wrapper"
                      >
                        <View
                          style={
                            {
                              "paddingHorizontal": 0,
                              "width": "100%",
                            }
                          }
                          testID="RNE__Input__view-wrapper"
                        >
                          <View
                            collapsable={false}
                            style={
                              {
                                "alignItems": "center",
                                "backgroundColor": "#cbcdd1",
                                "borderBottomWidth": 0,
                                "borderColor": "#86939e",
                                "borderRadius": 5,
                                "flexDirection": "row",
                                "justifyContent": "center",
                                "marginLeft": 8,
                                "marginRight": 8,
                                "minHeight": 36,
                                "transform": [
                                  {
                                    "translateX": 0,
                                  },
                                ],
                              }
                            }
                          >
                            <View
                              style={
                                {
                                  "alignItems": "center",
                                  "height": 40,
                                  "justifyContent": "center",
                                  "marginLeft": 8,
                                  "marginVertical": 4,
                                  "paddingRight": 4,
                                }
                              }
                            >
                              <View
                                style={
                                  {
                                    "overflow": "hidden",
                                  }
                                }
                                testID="RNE__ICON__CONTAINER"
                              >
                                <View
                                  accessibilityRole="button"
                                  android_ripple={
                                    {
                                      "borderless": false,
                                      "color": "rgba(0, 0, 0, 0.3)",
                                      "radius": -5,
                                    }
                                  }
                                  disabled={false}
                                  testID="RNE__ICON__CONTAINER_ACTION"
                                >
                                  <View
                                    style={
                                      {
                                        "alignItems": "center",
                                        "backgroundColor": "transparent",
                                        "justifyContent": "center",
                                      }
                                    }
                                    testID="RNE__ICON"
                                  >
                                    <Text
                                      allowFontScaling={false}
                                      selectable={false}
                                      style={
                                        [
                                          {
                                            "color": "#7d7d7d",
                                            "fontSize": 20,
                                          },
                                          {
                                            "backgroundColor": "transparent",
                                          },
                                          {
                                            "fontFamily": "Ionicons",
                                            "fontStyle": "normal",
                                            "fontWeight": "normal",
                                          },
                                          {},
                                        ]
                                      }
                                      testID="RNE__ICON__Component"
                                    >
                                      
                                    </Text>
                                  </View>
                                </View>
                              </View>
                            </View>
                            <TextInput
                              editable={true}
                              onBlur={[Function]}
                              onCancel={[Function]}
                              onChangeText={[Function]}
                              onFocus={[Function]}
                              placeholder="Search Transaction"
                              placeholderTextColor="#7d7d7d"
                              platform="ios"
                              style={
                                {
                                  "color": "#4d5963",
                                  "flex": 1,
                                  "fontFamily": "Kanit-Regular",
                                  "fontSize": 20,
                                  "marginLeft": 6,
                                  "minHeight": 40,
                                  "overflow": "hidden",
                                }
                              }
                              testID="search-bar"
                              underlineColorAndroid="transparent"
                              value=""
                            />
                            <View
                              style={
                                {
                                  "alignItems": "center",
                                  "height": 40,
                                  "justifyContent": "center",
                                  "marginRight": 8,
                                  "marginVertical": 4,
                                  "paddingRight": 4,
                                }
                              }
                            >
                              <View
                                style={
                                  {
                                    "flexDirection": "row",
                                  }
                                }
                              />
                            </View>
                          </View>
                          <Text
                            style={
                              {
                                "color": "#ff190c",
                                "fontSize": 12,
                                "height": 0,
                                "margin": 0,
                                "padding": 0,
                              }
                            }
                          />
                        </View>
                        <View
                          onLayout={[Function]}
                          style={
                            {
                              "opacity": 0,
                              "position": "absolute",
                              "right": null,
                            }
                          }
                          testID="RNE__SearchBar-cancelButtonContainer"
                        >
                          <View
                            accessibilityRole="button"
                            accessibilityState={
                              {
                                "busy": undefined,
                                "checked": undefined,
                                "disabled": undefined,
                                "expanded": undefined,
                                "selected": undefined,
                              }
                            }
                            accessibilityValue={
                              {
                                "max": undefined,
                                "min": undefined,
                                "now": undefined,
                                "text": undefined,
                              }
                            }
                            accessible={true}
                            collapsable={false}
                            focusable={true}
                            onBlur={[Function]}
                            onClick={[Function]}
                            onFocus={[Function]}
                            onResponderGrant={[Function]}
                            onResponderMove={[Function]}
                            onResponderRelease={[Function]}
                            onResponderTerminate={[Function]}
                            onResponderTerminationRequest={[Function]}
                            onStartShouldSetResponder={[Function]}
                          >
                            <View
                              style={{}}
                              testID="RNE__SearchBar-cancelButton"
                            >
                              <Text
                                style={
                                  {
                                    "color": "#007aff",
                                    "fontSize": 18,
                                    "padding": 8,
                                    "textAlign": "center",
                                  }
                                }
                              >
                                Cancel
                              </Text>
                            </View>
                          </View>
                        </View>
                      </View>
                      <RCTScrollView
                        ItemSeparatorComponent={[Function]}
                        collapsable={false}
                        getItem={[Function]}
                        getItemCount={[Function]}
                        handlerTag={2}
                        handlerType="NativeViewGestureHandler"
                        keyExtractor={[Function]}
                        onContentSizeChange={[Function]}
                        onEndReached={[Function]}
                        onEndReachedThreshold={0.1}
                        onGestureHandlerEvent={[Function]}
                        onGestureHandlerStateChange={[Function]}
                        onLayout={[Function]}
                        onMomentumScrollBegin={[Function]}
                        onMomentumScrollEnd={[Function]}
                        onScroll={[Function]}
                        onScrollBeginDrag={[Function]}
                        onScrollEndDrag={[Function]}
                        removeClippedSubviews={false}
                        renderItem={[Function]}
                        renderScrollComponent={[Function]}
                        scrollEventThrottle={50}
                        stickyHeaderIndices={[]}
                        testID="transaction-flatlist"
                        viewabilityConfigCallbackPairs={[]}
                        waitFor={
                          [
                            {
                              "current": null,
                            },
                            {
                              "current": null,
                            },
                          ]
                        }
                      >
                        <View />
                      </RCTScrollView>
                    </View>
                  </RCTScrollView>
                </View>
              </View>
            </View>
          </RCTScrollView>
        </View>
      </View>
      <RNSScreenStackHeaderConfig
        backButtonInCustomView={false}
        backTitleVisible={true}
        backgroundColor="rgb(255, 255, 255)"
        color="rgb(0, 122, 255)"
        direction="ltr"
        disableBackButtonMenu={false}
        hidden={false}
        hideBackButton={false}
        largeTitleHideShadow={false}
        title="ManageTransaction"
        titleColor="rgb(28, 28, 30)"
        topInsetEnabled={false}
        translucent={false}
      />
    </RNSScreen>
  </RNSScreenStack>
</RNCSafeAreaProvider>
`;
